PB dit_ifft_pkg dit_ifft_pkg C:/Users/Utkarsh/Documents/ISE/dit_ifft_8_point/dit_ifft_pkg.vhd sub00/vhpl01 1553948057
EN butterfly NULL C:/Users/Utkarsh/Documents/ISE/dit_ifft_8_point/butterfly.vhd sub00/vhpl02 1553948058
AR dit_ifft_8pt behavioral C:/Users/Utkarsh/Documents/ISE/dit_ifft_8_point/dit_ifft_8pt.vhd sub00/vhpl05 1553948061
AR butterfly behavioral C:/Users/Utkarsh/Documents/ISE/dit_ifft_8_point/butterfly.vhd sub00/vhpl03 1553948059
EN dit_ifft_8pt NULL C:/Users/Utkarsh/Documents/ISE/dit_ifft_8_point/dit_ifft_8pt.vhd sub00/vhpl04 1553948060
PH dit_ifft_pkg NULL C:/Users/Utkarsh/Documents/ISE/dit_ifft_8_point/dit_ifft_pkg.vhd sub00/vhpl00 1553948056
