V3 10
FL C:/Users/Utkarsh/Documents/ISE/dit_ifft_8_point/butterfly.vhd 2019/03/30.16:07:44 P.20131013
EN work/butterfly 1553948058 \
      FL C:/Users/Utkarsh/Documents/ISE/dit_ifft_8_point/butterfly.vhd \
      PB ieee/std_logic_1164 1381692176 PB work/dit_ifft_pkg 1553948057
AR work/butterfly/Behavioral 1553948059 \
      FL C:/Users/Utkarsh/Documents/ISE/dit_ifft_8_point/butterfly.vhd \
      EN work/butterfly 1553948058
FL C:/Users/Utkarsh/Documents/ISE/dit_ifft_8_point/dit_ifft_8pt.vhd 2019/03/30.16:02:12 P.20131013
EN work/dit_ifft_8pt 1553948060 \
      FL C:/Users/Utkarsh/Documents/ISE/dit_ifft_8_point/dit_ifft_8pt.vhd \
      PB ieee/std_logic_1164 1381692176 PB ieee/MATH_REAL 1381692182 \
      PB work/dit_ifft_pkg 1553948057
AR work/dit_ifft_8pt/Behavioral 1553948061 \
      FL C:/Users/Utkarsh/Documents/ISE/dit_ifft_8_point/dit_ifft_8pt.vhd \
      EN work/dit_ifft_8pt 1553948060 CP butterfly
FL C:/Users/Utkarsh/Documents/ISE/dit_ifft_8_point/dit_ifft_pkg.vhd 2019/03/30.16:08:55 P.20131013
PH work/dit_ifft_pkg 1553948056 \
      FL C:/Users/Utkarsh/Documents/ISE/dit_ifft_8_point/dit_ifft_pkg.vhd \
      PB ieee/std_logic_1164 1381692176 PB ieee/MATH_REAL 1381692182
PB work/dit_ifft_pkg 1553948057 \
      FL C:/Users/Utkarsh/Documents/ISE/dit_ifft_8_point/dit_ifft_pkg.vhd \
      PH work/dit_ifft_pkg 1553948056
